Microchip MPLAB XC8 Compiler V3.00

Linker command line:

-W-3 \
  --edf=C:\Program Files\Microchip\xc8\v3.00\pic\dat\20241204225717_en.msgs \
  -cn -h+dist/default/production\ComsensorTemp.X.production.sym \
  --cmf=dist/default/production\ComsensorTemp.X.production.cmf -z -Q18F4550 \
  -oC:\Users\aluno\AppData\Local\Temp\xcBs68s.1\driver_tmp_3.o \
  --defsym=__MPLAB_BUILD=1 --fixupoverflow=error \
  -Mdist/default/production/ComsensorTemp.X.production.map \
  --md=C:\Users\aluno\AppData\Local\Temp\xcBs68s.1\driver_tmp_0.dat -E1 \
  -ver=XC8 Compiler -ACODE=00h-07FFFh -ACONST=00h-07FFFh \
  -ASMALLCONST=0800h-08FFhx120 -AMEDIUMCONST=0800h-07FFFh -ACOMRAM=01h-05Fh \
  -AABS1=00h-07FFh -ABIGRAM=01h-07FFh -ARAM=060h-0FFh,0100h-01FFhx7 \
  -ABANK0=060h-0FFh -ABANK1=0100h-01FFh -ABANK2=0200h-02FFh \
  -ABANK3=0300h-03FFh -ABANK4=0400h-04FFh -ABANK5=0500h-05FFh \
  -ABANK6=0600h-06FFh -ABANK7=0700h-07FFh -ASFR=0F60h-0FFFh \
  -ABIGSFR=0F60h-0FFFh -ACONFIG=0300000h-030000Dh -AIDLOC=0200000h-0200007h \
  -AEEDATA=0F00000h-0F000FFh -peeprom_data=EEDATA \
  -preset_vec=00h,intcode=8h,intcodelo=18h,sivt_lo,sivt_hi=CODE \
  -ppowerup=CODE,init -pramtop=0800h -psmallconst=SMALLCONST \
  -pmediumconst=MEDIUMCONST -pconst=CONST -AFARRAM=00h-00h \
  -prdata=COMRAM,nvrram=COMRAM,nvbit=COMRAM,rbss=COMRAM,rbit=COMRAM \
  -pfarbss=FARRAM,fardata=FARRAM,nvFARRAM=FARRAM \
  -pintsave_regs=BIGRAM,bigbss=BIGRAM,bigdata=BIGRAM -pbss=RAM \
  -pidata=CODE,irdata=CODE,ibigdata=CODE,ifardata=CODE -prparam=COMRAM \
  C:\Users\aluno\AppData\Local\Temp\xcBs68s.1\driver_tmp_14.o \
  dist/default/production\ComsensorTemp.X.production.o 

Object code version is 3.11

Machine type is 18F4550



                Name                               Link     Load   Length Selector   Space Scale
C:\Users\aluno\AppData\Local\Temp\xcBs68s.1\driver_tmp_14.o
                config                           300000   300000        8        0       4
                init                                  E        E        4        4       0
                reset_vec                             0        0        4        0       0
dist/default/production\ComsensorTemp.X.production.o
                intcode                               8        8        6        4       0
                config                           300000   300000        8        0       4
                temp                                 5C       5C        1        1       1
                smallconst                          800      800       88      400       0
                intcode_body                       3942     3942       1C      444       0
                text35                             37FA     37FA       3E      444       0
                text34                             3544     3544       6E      444       0
                text33                             3916     3916       2C      444       0
                text32                             3608     3608       52      444       0
                text31                             34D4     34D4       70      444       0
                text30                             218A     218A      390      444       0
                text29                             1D64     1D64      426      444       0
                text28                             29EC     29EC      1B4      444       0
                text27                             3458     3458       7C      444       0
                text26                             3736     3736       44      444       0
                text25                             395E     395E        E      444       0
                text24                             305A     305A       C2      444       0
                text23                             311C     311C       AE      444       0
                text22                             38E2     38E2       34      444       0
                text21                             3974     3974        2     1CBA       0
                text20                             3274     3274       AA      444       0
                text19                             37BA     37BA       40      444       0
                text18                             33C2     33C2       96      444       0
                text17                             2BA0     2BA0      1B2      444       0
                text16                             31CA     31CA       AA      444       0
                text15                             2E58     2E58      104      444       0
                text14                             38AA     38AA       38      444       0
                text13                             18AE     18AE      4B6      444       0
                text12                             36F0     36F0       46      444       0
                text11                             2D52     2D52      106      444       0
                text10                             2F5C     2F5C       FE      444       0
                text9                              27DA     27DA      212      444       0
                text8                              35B2     35B2       56      444       0
                text7                              365A     365A       50      444       0
                text6                              3838     3838       3A      444       0
                text5                               888      888      A4E      444       0
                text4                              331E     331E       A4      444       0
                text3                              251A     251A      2C0      444       0
                text2                              377A     377A       40      444       0
                text1                              3872     3872       38      444       0
                text0                              12D6     12D6      5D8      444       0
                cstackCOMRAM                          1        1       5B        1       1
                cstackBANK0                          60       60       61       60       1
                bssBANK1                            100      100       50      100       1
                dataBANK0                            D0       D0        7       60       1
                bssBANK0                             C1       C1        F       60       1
                cinit                              36AA     36AA       46      444       0
                idataBANK0                         396C     396C        7      444       0

TOTAL           Name                               Link     Load   Length     Space
        CLASS   CODE           
                intcode                               8        8        6         0
                init                                  E        E        4         0
                reset_vec                             0        0        4         0
                intcode_body                       3942     3942       1C         0
                text35                             37FA     37FA       3E         0
                text34                             3544     3544       6E         0
                text33                             3916     3916       2C         0
                text32                             3608     3608       52         0
                text31                             34D4     34D4       70         0
                text30                             218A     218A      390         0
                text29                             1D64     1D64      426         0
                text28                             29EC     29EC      1B4         0
                text27                             3458     3458       7C         0
                text26                             3736     3736       44         0
                text25                             395E     395E        E         0
                text24                             305A     305A       C2         0
                text23                             311C     311C       AE         0
                text22                             38E2     38E2       34         0
                text21                             3974     3974        2         0
                text20                             3274     3274       AA         0
                text19                             37BA     37BA       40         0
                text18                             33C2     33C2       96         0
                text17                             2BA0     2BA0      1B2         0
                text16                             31CA     31CA       AA         0
                text15                             2E58     2E58      104         0
                text14                             38AA     38AA       38         0
                text13                             18AE     18AE      4B6         0
                text12                             36F0     36F0       46         0
                text11                             2D52     2D52      106         0
                text10                             2F5C     2F5C       FE         0
                text9                              27DA     27DA      212         0
                text8                              35B2     35B2       56         0
                text7                              365A     365A       50         0
                text6                              3838     3838       3A         0
                text5                               888      888      A4E         0
                text4                              331E     331E       A4         0
                text3                              251A     251A      2C0         0
                text2                              377A     377A       40         0
                text1                              3872     3872       38         0
                text0                              12D6     12D6      5D8         0
                cinit                              36AA     36AA       46         0
                idataBANK0                         396C     396C        7         0

        CLASS   CONST          

        CLASS   SMALLCONST     
                smallconst                          800      800       88         0

        CLASS   MEDIUMCONST    

        CLASS   COMRAM         
                temp                                 5C       5C        1         1
                cstackCOMRAM                          1        1       5B         1

        CLASS   ABS1           

        CLASS   BIGRAM         

        CLASS   RAM            

        CLASS   BANK0          
                cstackBANK0                          60       60       61         1
                dataBANK0                            D0       D0        7         1
                bssBANK0                             C1       C1        F         1

        CLASS   BANK1          
                bssBANK1                            100      100       50         1

        CLASS   BANK2          

        CLASS   BANK3          

        CLASS   BANK4          

        CLASS   BANK5          

        CLASS   BANK6          

        CLASS   BANK7          

        CLASS   SFR            

        CLASS   BIGSFR         

        CLASS   CONFIG         
                config                           300000   300000        8         4

        CLASS   IDLOC          

        CLASS   EEDATA         

        CLASS   FARRAM         

        CLASS   HEAP           

        CLASS   STACK          



SEGMENTS        Name                           Load    Length   Top    Selector   Space  Class

                reset_vec                      000000  000004  000004         0       0  CODE    
                cstackCOMRAM                   000001  00005C  00005D         1       1  COMRAM  
                intcode                        000008  00000A  000012         4       0  CODE    
                cstackBANK0                    000060  000077  0000D7        60       1  BANK0   
                bssBANK1                       000100  000050  000150       100       1  BANK1   
                smallconst                     000800  000088  000888       400       0  SMALLCON
                text5                          000888  0030EB  003973       444       0  CODE    
                text21                         003974  000002  003976      1CBA       0  CODE    


UNUSED ADDRESS RANGES

        Name                Unused          Largest block    Delta
        BANK0            0000D7-0000FF               29
        BANK1            000150-0001FF               B0
        BANK2            000200-0002FF              100
        BANK3            000300-0003FF              100
        BANK4            000400-0004FF              100
        BANK5            000500-0005FF              100
        BANK6            000600-0006FF              100
        BANK7            000700-0007FF              100
        BIGRAM           00005D-00005F                3
                         0000D7-0000FF               29
                         000150-0007FF              6B0
        BIGSFR           000F60-000FFF               A0
        CODE             000004-000007                4
                         000012-0007FF              7EE
                         003973-003973                1
                         003976-007FFF             468A
        COMRAM           00005D-00005F                3
        CONFIG           300008-30000D                6
        CONST            000004-000007                4
                         000012-0007FF              7EE
                         003973-003973                1
                         003976-007FFF             468A
        EEDATA           F00000-F000FF              100
        IDLOC            200000-200007                8
        MEDIUMCONST      003973-003973                1
                         003976-007FFF             468A
        RAM              0000D7-0000FF               29
                         000150-0007FF              100
        SFR              000F60-000FFF               A0
        SMALLCONST       003973-003973                1
                         003976-007FFF              100

                                  Symbol Table

?___awdiv                           cstackCOMRAM 000001
?___awmod                           cstackCOMRAM 000001
?___fladd                           cstackCOMRAM 000001
?___fldiv                           cstackCOMRAM 00000F
?___flmul                           cstackCOMRAM 000028
?___flneg                           cstackCOMRAM 000001
?___flsub                           cstackCOMRAM 000041
?___fltol                           cstackCOMRAM 000001
?___fpclassifyf                     cstackCOMRAM 000001
?___xxtofl                          cstackCOMRAM 000001
?_abs                               cstackCOMRAM 000007
?_calculaTemperaturaSimples         cstackCOMRAM 000041
?_floorf                            cstackCOMRAM 000028
?_labs                              cstackCOMRAM 000001
?_read_adc_channel                  cstackCOMRAM 000001
?_read_prec_or_width                cstackCOMRAM 000001
?_sprintf                           cstackBANK0  000096
?_vfprintf                          cstackBANK0  000093
Comando_LCD@comando                 cstackCOMRAM 000002
Escreve_C_LCD@caracter              cstackCOMRAM 000002
Escreve_LCD@caracter                cstackCOMRAM 000003
Inicializa_LCD@ini                  dataBANK0    0000D0
Inicializa_LCD@x                    cstackCOMRAM 000004
Posiciona_LCD@coluna                cstackCOMRAM 000003
Posiciona_LCD@linha                 cstackCOMRAM 000004
Posiciona_LCD@x                     cstackCOMRAM 000005
_ADCON0                             (abs)        000FC2
_ADCON0bits                         (abs)        000FC2
_ADCON1                             (abs)        000FC1
_ADCON2                             (abs)        000FC0
_ADRESH                             (abs)        000FC4
_ADRESL                             (abs)        000FC3
_Comando_LCD                        text33       003916
_Escreve_C_LCD                      text35       0037FA
_Escreve_LCD                        text34       003544
_INTCON2bits                        (abs)        000FF1
_INTCONbits                         (abs)        000FF2
_Inicializa_LCD                     text32       003608
_LATCbits                           (abs)        000F8B
_LATD                               (abs)        000F8C
_LATDbits                           (abs)        000F8C
_PORTCbits                          (abs)        000F82
_PORTD                              (abs)        000F83
_PORTDbits                          (abs)        000F83
_PORTE                              (abs)        000F84
_PORTEbits                          (abs)        000F84
_Posiciona_LCD                      text31       0034D4
_TRISAbits                          (abs)        000F92
_TRISBbits                          (abs)        000F93
_TRISCbits                          (abs)        000F94
_TRISD                              (abs)        000F95
_TRISDbits                          (abs)        000F95
_TRISE                              (abs)        000F96
__HRAM                              (abs)        000000
__H__absolute__                     __absolute__ 000000
__Habs1                             abs1         000000
__Hbank0                            bank0        000000
__Hbank1                            bank1        000000
__Hbank2                            bank2        000000
__Hbank3                            bank3        000000
__Hbank4                            bank4        000000
__Hbank5                            bank5        000000
__Hbank6                            bank6        000000
__Hbank7                            bank7        000000
__Hbigbss                           bigbss       000000
__Hbigdata                          bigdata      000000
__Hbigram                           bigram       000000
__Hbigsfr                           bigsfr       000000
__Hbss                              bss          000000
__HbssBANK0                         bssBANK0     000000
__HbssBANK1                         bssBANK1     000000
__Hcinit                            cinit        000000
__Hclrtext                          clrtext      000000
__Hcomram                           comram       000000
__Hconfig                           config       300008
__Hconst                            const        000000
__HcstackBANK0                      cstackBANK0  000000
__HcstackCOMRAM                     cstackCOMRAM 000000
__Hdata                             data         000000
__HdataBANK0                        dataBANK0    000000
__Heeprom_data                      eeprom_data  000000
__Hfarbss                           farbss       000000
__Hfardata                          fardata      000000
__Hheap                             heap         000000
__Hibigdata                         ibigdata     000000
__Hidata                            idata        000000
__HidataBANK0                       idataBANK0   000000
__Hidloc                            idloc        000000
__Hifardata                         ifardata     000000
__Hinit                             init         000012
__Hintcode                          intcode      00000E
__Hintcode_body                     intcode_body 000000
__Hintcodelo                        intcodelo    000018
__Hintentry                         intentry     000000
__Hintret                           intret       000000
__Hintsave_regs                     intsave_regs 000000
__Hirdata                           irdata       000000
__Hmediumconst                      mediumconst  000000
__HnvFARRAM                         nvFARRAM     000000
__Hnvbit                            nvbit        000000
__Hnvrram                           nvrram       000000
__Hparam                            rparam       000000
__Hpowerup                          powerup      000000
__Hram                              ram          000000
__Hramtop                           ramtop       000800
__Hrbit                             rbit         000000
__Hrbss                             rbss         000000
__Hrdata                            rdata        000000
__Hreset_vec                        reset_vec    000004
__Hrparam                           rparam       000000
__Hsfr                              sfr          000000
__Hsivt_hi                          sivt_hi      000000
__Hsivt_lo                          sivt_lo      000018
__Hsmallconst                       smallconst   000888
__Hspace_0                          (abs)        003976
__Hspace_1                          (abs)        000150
__Hspace_2                          (abs)        000000
__Hspace_4                          (abs)        600008
__Hstack                            stack        000000
__Hstruct                           struct       000000
__Htemp                             temp         00005D
__Htext                             text         000000
__Htext0                            text0        000000
__Htext1                            text1        000000
__Htext10                           text10       000000
__Htext11                           text11       000000
__Htext12                           text12       000000
__Htext13                           text13       000000
__Htext14                           text14       000000
__Htext15                           text15       000000
__Htext16                           text16       000000
__Htext17                           text17       000000
__Htext18                           text18       000000
__Htext19                           text19       000000
__Htext2                            text2        000000
__Htext20                           text20       000000
__Htext21                           text21       000000
__Htext22                           text22       000000
__Htext23                           text23       000000
__Htext24                           text24       000000
__Htext25                           text25       000000
__Htext26                           text26       000000
__Htext27                           text27       000000
__Htext28                           text28       000000
__Htext29                           text29       000000
__Htext3                            text3        000000
__Htext30                           text30       000000
__Htext31                           text31       000000
__Htext32                           text32       000000
__Htext33                           text33       000000
__Htext34                           text34       000000
__Htext35                           text35       000000
__Htext4                            text4        000000
__Htext5                            text5        000000
__Htext6                            text6        000000
__Htext7                            text7        000000
__Htext8                            text8        000000
__Htext9                            text9        000000
__LRAM                              (abs)        000001
__L__absolute__                     __absolute__ 000000
__Labs1                             abs1         000000
__Lbank0                            bank0        000000
__Lbank1                            bank1        000000
__Lbank2                            bank2        000000
__Lbank3                            bank3        000000
__Lbank4                            bank4        000000
__Lbank5                            bank5        000000
__Lbank6                            bank6        000000
__Lbank7                            bank7        000000
__Lbigbss                           bigbss       000000
__Lbigdata                          bigdata      000000
__Lbigram                           bigram       000000
__Lbigsfr                           bigsfr       000000
__Lbss                              bss          000000
__LbssBANK0                         bssBANK0     000000
__LbssBANK1                         bssBANK1     000000
__Lcinit                            cinit        000000
__Lclrtext                          clrtext      000000
__Lcomram                           comram       000000
__Lconfig                           config       000000
__Lconst                            const        000000
__LcstackBANK0                      cstackBANK0  000000
__LcstackCOMRAM                     cstackCOMRAM 000000
__Ldata                             data         000000
__LdataBANK0                        dataBANK0    000000
__Leeprom_data                      eeprom_data  000000
__Lfarbss                           farbss       000000
__Lfardata                          fardata      000000
__Lheap                             heap         000000
__Libigdata                         ibigdata     000000
__Lidata                            idata        000000
__LidataBANK0                       idataBANK0   000000
__Lidloc                            idloc        000000
__Lifardata                         ifardata     000000
__Linit                             init         00000E
__Lintcode                          intcode      000008
__Lintcode_body                     intcode_body 000000
__Lintcodelo                        intcodelo    000018
__Lintentry                         intentry     000000
__Lintret                           intret       000000
__Lintsave_regs                     intsave_regs 000000
__Lirdata                           irdata       000000
__Lmediumconst                      mediumconst  000000
__LnvFARRAM                         nvFARRAM     000000
__Lnvbit                            nvbit        000000
__Lnvrram                           nvrram       000000
__Lparam                            rparam       000000
__Lpowerup                          powerup      000000
__Lram                              ram          000000
__Lramtop                           ramtop       000800
__Lrbit                             rbit         000000
__Lrbss                             rbss         000000
__Lrdata                            rdata        000000
__Lreset_vec                        reset_vec    000000
__Lrparam                           rparam       000000
__Lsfr                              sfr          000000
__Lsivt_hi                          sivt_hi      000000
__Lsivt_lo                          sivt_lo      000018
__Lsmallconst                       smallconst   000800
__Lspace_0                          (abs)        000000
__Lspace_1                          (abs)        000000
__Lspace_2                          (abs)        000000
__Lspace_4                          (abs)        000000
__Lstack                            stack        000000
__Lstruct                           struct       000000
__Ltemp                             temp         00005C
__Ltext                             text         000000
__Ltext0                            text0        000000
__Ltext1                            text1        000000
__Ltext10                           text10       000000
__Ltext11                           text11       000000
__Ltext12                           text12       000000
__Ltext13                           text13       000000
__Ltext14                           text14       000000
__Ltext15                           text15       000000
__Ltext16                           text16       000000
__Ltext17                           text17       000000
__Ltext18                           text18       000000
__Ltext19                           text19       000000
__Ltext2                            text2        000000
__Ltext20                           text20       000000
__Ltext21                           text21       000000
__Ltext22                           text22       000000
__Ltext23                           text23       000000
__Ltext24                           text24       000000
__Ltext25                           text25       000000
__Ltext26                           text26       000000
__Ltext27                           text27       000000
__Ltext28                           text28       000000
__Ltext29                           text29       000000
__Ltext3                            text3        000000
__Ltext30                           text30       000000
__Ltext31                           text31       000000
__Ltext32                           text32       000000
__Ltext33                           text33       000000
__Ltext34                           text34       000000
__Ltext35                           text35       000000
__Ltext4                            text4        000000
__Ltext5                            text5        000000
__Ltext6                            text6        000000
__Ltext7                            text7        000000
__Ltext8                            text8        000000
__Ltext9                            text9        000000
__S0                                (abs)        003976
__S1                                (abs)        000150
__S4                                (abs)        000000
__S5                                (abs)        000000
___awdiv                            text24       00305A
___awdiv@counter                    cstackCOMRAM 000005
___awdiv@dividend                   cstackCOMRAM 000001
___awdiv@divisor                    cstackCOMRAM 000003
___awdiv@quotient                   cstackCOMRAM 000007
___awdiv@sign                       cstackCOMRAM 000006
___awmod                            text23       00311C
___awmod@counter                    cstackCOMRAM 000005
___awmod@dividend                   cstackCOMRAM 000001
___awmod@divisor                    cstackCOMRAM 000003
___awmod@sign                       cstackCOMRAM 000006
___fladd                            text13       0018AE
___fladd@a                          cstackCOMRAM 000005
___fladd@aexp                       cstackCOMRAM 00000E
___fladd@b                          cstackCOMRAM 000001
___fladd@bexp                       cstackCOMRAM 00000F
___fladd@grs                        cstackCOMRAM 000010
___fladd@signs                      cstackCOMRAM 00000D
___fldiv                            text30       00218A
___fldiv@a                          cstackCOMRAM 000013
___fldiv@aexp                       cstackCOMRAM 000027
___fldiv@b                          cstackCOMRAM 00000F
___fldiv@bexp                       cstackCOMRAM 000026
___fldiv@grs                        cstackCOMRAM 000022
___fldiv@new_exp                    cstackCOMRAM 000020
___fldiv@rem                        cstackCOMRAM 00001B
___fldiv@sign                       cstackCOMRAM 00001F
___fleq                             text16       0031CA
___fleq@ff1                         cstackCOMRAM 000001
___fleq@ff2                         cstackCOMRAM 000005
___flge                             text15       002E58
___flge@ff1                         cstackCOMRAM 000041
___flge@ff2                         cstackCOMRAM 000045
___flmul                            text29       001D64
___flmul@a                          cstackCOMRAM 00002C
___flmul@aexp                       cstackCOMRAM 000035
___flmul@b                          cstackCOMRAM 000028
___flmul@bexp                       cstackCOMRAM 00003A
___flmul@grs                        cstackCOMRAM 000036
___flmul@prod                       cstackCOMRAM 00003B
___flmul@sign                       cstackCOMRAM 000034
___flmul@temp                       cstackCOMRAM 00003F
___flneg                            text14       0038AA
___flneg@f1                         cstackCOMRAM 000001
___flsub                            text12       0036F0
___flsub@a                          cstackCOMRAM 000045
___flsub@b                          cstackCOMRAM 000041
___fltol                            text11       002D52
___fltol@exp1                       cstackCOMRAM 00000A
___fltol@f1                         cstackCOMRAM 000001
___fltol@sign1                      cstackCOMRAM 000009
___fpclassifyf                      text10       002F5C
___fpclassifyf@F465                 bssBANK0     0000C5
___fpclassifyf@e                    cstackCOMRAM 000009
___fpclassifyf@u                    cstackCOMRAM 00000B
___fpclassifyf@x                    cstackCOMRAM 000001
___heap_hi                          (abs)        000000
___heap_lo                          (abs)        000000
___inthi_sp                         stack        000000
___inthi_stack_hi                   stack        000000
___inthi_stack_lo                   stack        000000
___intlo_sp                         stack        000000
___intlo_stack_hi                   stack        000000
___intlo_stack_lo                   stack        000000
___param_bank                       (abs)        000000
___rparam_used                      (abs)        000001
___sp                               stack        000000
___stack_hi                         stack        000000
___stack_lo                         stack        000000
___xxtofl                           text28       0029EC
___xxtofl@arg                       cstackCOMRAM 00000B
___xxtofl@exp                       cstackCOMRAM 00000A
___xxtofl@sign                      cstackCOMRAM 000009
___xxtofl@val                       cstackCOMRAM 000001
__accesstop                         (abs)        000060
__activetblptr                      (abs)        000002
__end_of_Comando_LCD                text33       003942
__end_of_Escreve_C_LCD              text35       003838
__end_of_Escreve_LCD                text34       0035B2
__end_of_Inicializa_LCD             text32       00365A
__end_of_Posiciona_LCD              text31       003544
__end_of___awdiv                    text24       00311C
__end_of___awmod                    text23       0031CA
__end_of___fladd                    text13       001D64
__end_of___fldiv                    text30       00251A
__end_of___fleq                     text16       003274
__end_of___flge                     text15       002F5C
__end_of___flmul                    text29       00218A
__end_of___flneg                    text14       0038E2
__end_of___flsub                    text12       003736
__end_of___fltol                    text11       002E58
__end_of___fpclassifyf              text10       00305A
__end_of___xxtofl                   text28       002BA0
__end_of__initialization            cinit        0036E2
__end_of_abs                        text22       003916
__end_of_calculaTemperaturaSimples  text27       0034D4
__end_of_dtoa                       text17       002D52
__end_of_efgtoa                     text5        0012D6
__end_of_floorf                     text9        0029EC
__end_of_fputc                      text20       00331E
__end_of_fputs                      text19       0037FA
__end_of_isr                        intcode_body 00395E
__end_of_labs                       text8        003608
__end_of_main                       text0        0018AE
__end_of_memcpy                     text7        0036AA
__end_of_pad                        text18       003458
__end_of_putch                      text21       003976
__end_of_read_adc_channel           text26       00377A
__end_of_read_prec_or_width         text4        0033C2
__end_of_setup_adc                  text25       00396C
__end_of_sprintf                    text1        0038AA
__end_of_strcpy                     text6        003872
__end_of_vfpfcnvrt                  text3        0027DA
__end_of_vfprintf                   text2        0037BA
__initialization                    cinit        0036AA
__mediumconst                       smallconst   000800
__pbssBANK0                         bssBANK0     0000C1
__pbssBANK1                         bssBANK1     000100
__pcinit                            cinit        0036AA
__pcstackBANK0                      cstackBANK0  000060
__pcstackCOMRAM                     cstackCOMRAM 000001
__pdataBANK0                        dataBANK0    0000D0
__pidataBANK0                       idataBANK0   00396C
__pintcode                          intcode      000008
__pintcode_body                     intcode_body 003942
__psmallconst                       smallconst   000800
__ptext0                            text0        0012D6
__ptext1                            text1        003872
__ptext10                           text10       002F5C
__ptext11                           text11       002D52
__ptext12                           text12       0036F0
__ptext13                           text13       0018AE
__ptext14                           text14       0038AA
__ptext15                           text15       002E58
__ptext16                           text16       0031CA
__ptext17                           text17       002BA0
__ptext18                           text18       0033C2
__ptext19                           text19       0037BA
__ptext2                            text2        00377A
__ptext20                           text20       003274
__ptext21                           text21       003974
__ptext22                           text22       0038E2
__ptext23                           text23       00311C
__ptext24                           text24       00305A
__ptext25                           text25       00395E
__ptext26                           text26       003736
__ptext27                           text27       003458
__ptext28                           text28       0029EC
__ptext29                           text29       001D64
__ptext3                            text3        00251A
__ptext30                           text30       00218A
__ptext31                           text31       0034D4
__ptext32                           text32       003608
__ptext33                           text33       003916
__ptext34                           text34       003544
__ptext35                           text35       0037FA
__ptext4                            text4        00331E
__ptext5                            text5        000888
__ptext6                            text6        003838
__ptext7                            text7        00365A
__ptext8                            text8        0035B2
__ptext9                            text9        0027DA
__ramtop                            ramtop       000800
__smallconst                        smallconst   000800
_abs                                text22       0038E2
_alarme_ativo                       bssBANK0     0000CF
_alarme_leve                        bssBANK0     0000CE
_calculaTemperaturaSimples          text27       003458
_dbuf                               bssBANK1     000100
_dtoa                               text17       002BA0
_dtoa$1310                          cstackCOMRAM 00001A
_efgtoa                             text5        000888
_efgtoa$1341                        cstackBANK0  000066
_flags                              bssBANK0     0000CD
_floorf                             text9        0027DA
_fputc                              text20       003274
_fputs                              text19       0037BA
_isr                                intcode      000008
_labs                               text8        0035B2
_main                               text0        0012D6
_memcpy                             text7        00365A
_pad                                text18       0033C2
_prec                               bssBANK0     0000CB
_putch                              text21       003974
_read_adc_channel                   text26       003736
_read_prec_or_width                 text4        00331E
_setup_adc                          text25       00395E
_sprintf                            text1        003872
_strcpy                             text6        003838
_vfpfcnvrt                          text3        00251A
_vfprintf                           text2        00377A
_width                              bssBANK0     0000C9
abs@a                               cstackCOMRAM 000007
btemp                               temp         00005C
calculaTemperaturaSimples@adc_valor cstackCOMRAM 000041
calculaTemperaturaSimples@temp      cstackCOMRAM 000045
dtoa@d                              cstackCOMRAM 000018
dtoa@fp                             cstackCOMRAM 000017
dtoa@i                              cstackCOMRAM 000021
dtoa@p                              cstackCOMRAM 00001C
dtoa@s                              cstackCOMRAM 000020
dtoa@w                              cstackCOMRAM 00001E
efgtoa@c                            cstackCOMRAM 000052
efgtoa@d                            cstackBANK0  00006B
efgtoa@e                            cstackBANK0  00006F
efgtoa@f                            cstackCOMRAM 00004E
efgtoa@fp                           cstackCOMRAM 00004D
efgtoa@g                            cstackBANK0  000082
efgtoa@h                            cstackBANK0  000077
efgtoa@i                            cstackBANK0  00007F
efgtoa@l                            cstackBANK0  00007B
efgtoa@m                            cstackBANK0  00006D
efgtoa@mode                         cstackBANK0  000069
efgtoa@n                            cstackBANK0  000086
efgtoa@ne                           cstackBANK0  000060
efgtoa@nmode                        cstackBANK0  00006A
efgtoa@ou                           cstackBANK0  000071
efgtoa@p                            cstackBANK0  000062
efgtoa@pp                           cstackBANK0  000068
efgtoa@sign                         cstackBANK0  000081
efgtoa@t                            cstackBANK0  000064
efgtoa@u                            cstackBANK0  000088
efgtoa@w                            cstackBANK0  000075
end_of_initialization               cinit        0036E2
floorf@F521                         bssBANK0     0000C1
floorf@e                            cstackCOMRAM 000036
floorf@m                            cstackCOMRAM 000032
floorf@u                            cstackCOMRAM 000038
floorf@x                            cstackCOMRAM 000028
fputc@c                             cstackCOMRAM 000001
fputc@fp                            cstackCOMRAM 000003
fputs@c                             cstackCOMRAM 00000C
fputs@fp                            cstackCOMRAM 00000B
fputs@i                             cstackCOMRAM 00000D
fputs@s                             cstackCOMRAM 000009
int$flags                           temp         00005C
int_func                            intcode_body 003942
intlevel0                           text         000000
intlevel1                           text         000000
intlevel2                           text         000000
intlevel3                           text         000000
isa$std                             (abs)        000001
isa$xinst                           (abs)        000000
labs@a                              cstackCOMRAM 000001
main@adc_gas                        cstackBANK0  0000BF
main@adc_temp                       cstackBANK0  0000B9
main@lcd_buffer                     cstackBANK0  0000A8
main@temperatura                    cstackBANK0  0000BB
memcpy@d                            cstackCOMRAM 000008
memcpy@d1                           cstackCOMRAM 000001
memcpy@n                            cstackCOMRAM 000005
memcpy@s                            cstackCOMRAM 00000A
memcpy@s1                           cstackCOMRAM 000003
memcpy@tmp                          cstackCOMRAM 000007
pad@buf                             cstackCOMRAM 000010
pad@fp                              cstackCOMRAM 00000F
pad@i                               cstackCOMRAM 000015
pad@p                               cstackCOMRAM 000012
read_adc_channel@channel            cstackCOMRAM 000005
read_prec_or_width@ap               cstackCOMRAM 000002
read_prec_or_width@c                cstackCOMRAM 000005
read_prec_or_width@fmt              cstackCOMRAM 000001
read_prec_or_width@n                cstackCOMRAM 000006
sprintf@ap                          cstackBANK0  00009C
sprintf@f                           cstackBANK0  00009D
sprintf@fmt                         cstackBANK0  000097
sprintf@s                           cstackBANK0  000096
stackhi                             (abs)        000000
stacklo                             (abs)        000000
start                               init         00000E
start_initialization                cinit        0036AA
strcpy@d                            cstackCOMRAM 000005
strcpy@dest                         cstackCOMRAM 000001
strcpy@src                          cstackCOMRAM 000003
ttemp5                              temp         00005D
ttemp6                              temp         000060
ttemp7                              temp         000064
vfpfcnvrt@ap                        cstackCOMRAM 000057
vfpfcnvrt@c                         cstackBANK0  000091
vfpfcnvrt@convarg                   cstackBANK0  00008D
vfpfcnvrt@cp                        cstackBANK0  000092
vfpfcnvrt@done                      cstackBANK0  00008C
vfpfcnvrt@fmt                       cstackCOMRAM 000056
vfpfcnvrt@fp                        cstackCOMRAM 000055
vfprintf@ap                         cstackBANK0  000095
vfprintf@cfmt                       cstackCOMRAM 000059
vfprintf@fmt                        cstackBANK0  000094
vfprintf@fp                         cstackBANK0  000093
wtemp8                              temp         00005D


MODULE INFORMATION

Module		Function		Class		Link	Load	Size
C:\Program Files\Microchip\xc8\v3.00\pic\sources\c99\common\flge.c
		___flge        		CODE           	2E58	0000	260

C:\Program Files\Microchip\xc8\v3.00\pic\sources\c99\common\flge.c estimated size: 260

C:\Program Files\Microchip\xc8\v3.00\pic\sources\c99\common\abs.c
		_abs           		CODE           	38E2	0000	52

C:\Program Files\Microchip\xc8\v3.00\pic\sources\c99\common\abs.c estimated size: 52

C:\Program Files\Microchip\xc8\v3.00\pic\sources\c99\common\nf_fputc.c
		_fputc         		CODE           	3274	0000	170

C:\Program Files\Microchip\xc8\v3.00\pic\sources\c99\common\nf_fputc.c estimated size: 170

C:\Program Files\Microchip\xc8\v3.00\pic\sources\c99\common\memcpy.c
		_memcpy        		CODE           	365A	0000	80

C:\Program Files\Microchip\xc8\v3.00\pic\sources\c99\common\memcpy.c estimated size: 80

C:\Program Files\Microchip\xc8\v3.00\pic\sources\c99\common\flneg.c
		___flneg       		CODE           	38AA	0000	56

C:\Program Files\Microchip\xc8\v3.00\pic\sources\c99\common\flneg.c estimated size: 56

C:\Program Files\Microchip\xc8\v3.00\pic\sources\c99\common\__fpclassifyf.c
		___fpclassifyf 		CODE           	2F5C	0000	254

C:\Program Files\Microchip\xc8\v3.00\pic\sources\c99\common\__fpclassifyf.c estimated size: 254

C:\Program Files\Microchip\xc8\v3.00\pic\sources\c99\common\nf_sprintf.c
		_sprintf       		CODE           	3872	0000	56

C:\Program Files\Microchip\xc8\v3.00\pic\sources\c99\common\nf_sprintf.c estimated size: 56

./lcd.h
		_Inicializa_LCD		CODE           	3608	0000	82
		_Escreve_LCD   		CODE           	3544	0000	110
		_Escreve_C_LCD 		CODE           	37FA	0000	62
		_Posiciona_LCD 		CODE           	34D4	0000	112
		_Comando_LCD   		CODE           	3916	0000	44

./lcd.h estimated size: 410

C:\Program Files\Microchip\xc8\v3.00\pic\sources\c99\common\awmod.c
		___awmod       		CODE           	311C	0000	174

C:\Program Files\Microchip\xc8\v3.00\pic\sources\c99\common\awmod.c estimated size: 174

C:\Program Files\Microchip\xc8\v3.00\pic\sources\c99\common\floorf.c
		_floorf        		CODE           	27DA	0000	530

C:\Program Files\Microchip\xc8\v3.00\pic\sources\c99\common\floorf.c estimated size: 530

C:\Program Files\Microchip\xc8\v3.00\pic\sources\c99\common\putch.c
		_putch         		CODE           	3974	0000	2

C:\Program Files\Microchip\xc8\v3.00\pic\sources\c99\common\putch.c estimated size: 2

C:\Program Files\Microchip\xc8\v3.00\pic\sources\c99\common\fleq.c
		___fleq        		CODE           	31CA	0000	170

C:\Program Files\Microchip\xc8\v3.00\pic\sources\c99\common\fleq.c estimated size: 170

C:\Program Files\Microchip\xc8\v3.00\pic\sources\c99\common\sprcmul.c
		___flmul       		CODE           	1D64	0000	1062

C:\Program Files\Microchip\xc8\v3.00\pic\sources\c99\common\sprcmul.c estimated size: 1062

C:\Program Files\Microchip\xc8\v3.00\pic\sources\c99\common\sprcdiv.c
		___fldiv       		CODE           	218A	0000	912

C:\Program Files\Microchip\xc8\v3.00\pic\sources\c99\common\sprcdiv.c estimated size: 912

shared
		__initialization		CODE           	36AA	0000	56

shared estimated size: 56

C:\Program Files\Microchip\xc8\v3.00\pic\sources\c99\common\xxtofl.c
		___xxtofl      		CODE           	29EC	0000	436

C:\Program Files\Microchip\xc8\v3.00\pic\sources\c99\common\xxtofl.c estimated size: 436

C:\Program Files\Microchip\xc8\v3.00\pic\sources\c99\common\nf_fputs.c
		_fputs         		CODE           	37BA	0000	64

C:\Program Files\Microchip\xc8\v3.00\pic\sources\c99\common\nf_fputs.c estimated size: 64

C:\Program Files\Microchip\xc8\v3.00\pic\sources\c99\common\strcpy.c
		_strcpy        		CODE           	3838	0000	58

C:\Program Files\Microchip\xc8\v3.00\pic\sources\c99\common\strcpy.c estimated size: 58

C:\Program Files\Microchip\xc8\v3.00\pic\sources\c99\common\awdiv.c
		___awdiv       		CODE           	305A	0000	194

C:\Program Files\Microchip\xc8\v3.00\pic\sources\c99\common\awdiv.c estimated size: 194

C:\Program Files\Microchip\xc8\v3.00\pic\sources\c99\common\fltol.c
		___fltol       		CODE           	2D52	0000	262

C:\Program Files\Microchip\xc8\v3.00\pic\sources\c99\common\fltol.c estimated size: 262

C:\Program Files\Microchip\xc8\v3.00\pic\sources\c99\common\labs.c
		_labs          		CODE           	35B2	0000	86

C:\Program Files\Microchip\xc8\v3.00\pic\sources\c99\common\labs.c estimated size: 86

main.c
		_calculaTemperaturaSimples		CODE           	3458	0000	124
		_setup_adc     		CODE           	395E	0000	14
		_main          		CODE           	12D6	0000	1496
		_isr           		CODE           	0008	0000	34
		_read_adc_channel		CODE           	3736	0000	68

main.c estimated size: 1736

C:\Program Files\Microchip\xc8\v3.00\pic\sources\c99\common\doprnt.c
		_read_prec_or_width		CODE           	331E	0000	164
		_vfpfcnvrt     		CODE           	251A	0000	704
		_efgtoa        		CODE           	0888	0000	2638
		_pad           		CODE           	33C2	0000	150
		_dtoa          		CODE           	2BA0	0000	434
		_vfprintf      		CODE           	377A	0000	64

C:\Program Files\Microchip\xc8\v3.00\pic\sources\c99\common\doprnt.c estimated size: 4154

C:\Program Files\Microchip\xc8\v3.00\pic\sources\c99\common\sprcadd.c
		___flsub       		CODE           	36F0	0000	70
		___fladd       		CODE           	18AE	0000	1206

C:\Program Files\Microchip\xc8\v3.00\pic\sources\c99\common\sprcadd.c estimated size: 1276

