Microchip MPLAB XC8 Compiler V3.00

Linker command line:

-W-3 \
  --edf=C:\Program Files\Microchip\xc8\v3.00\pic\dat\20241204225717_en.msgs \
  -cn -h+dist/default/production\Testeldc.X.production.sym \
  --cmf=dist/default/production\Testeldc.X.production.cmf -z -Q18F4550 \
  -oC:\Users\aluno\AppData\Local\Temp\xcAs3gk.\driver_tmp_3.o \
  --defsym=__MPLAB_BUILD=1 --fixupoverflow=error \
  -Mdist/default/production/Testeldc.X.production.map \
  --md=C:\Users\aluno\AppData\Local\Temp\xcAs3gk.\driver_tmp_0.dat -E1 \
  -ver=XC8 Compiler -ACODE=00h-07FFFh -ACONST=00h-07FFFh \
  -ASMALLCONST=0800h-08FFhx120 -AMEDIUMCONST=0800h-07FFFh -ACOMRAM=01h-05Fh \
  -AABS1=00h-07FFh -ABIGRAM=01h-07FFh -ARAM=060h-0FFh,0100h-01FFhx7 \
  -ABANK0=060h-0FFh -ABANK1=0100h-01FFh -ABANK2=0200h-02FFh \
  -ABANK3=0300h-03FFh -ABANK4=0400h-04FFh -ABANK5=0500h-05FFh \
  -ABANK6=0600h-06FFh -ABANK7=0700h-07FFh -ASFR=0F60h-0FFFh \
  -ABIGSFR=0F60h-0FFFh -ACONFIG=0300000h-030000Dh -AIDLOC=0200000h-0200007h \
  -AEEDATA=0F00000h-0F000FFh -peeprom_data=EEDATA \
  -preset_vec=00h,intcode=8h,intcodelo=18h,sivt_lo,sivt_hi=CODE \
  -ppowerup=CODE,init -pramtop=0800h -psmallconst=SMALLCONST \
  -pmediumconst=MEDIUMCONST -pconst=CONST -AFARRAM=00h-00h \
  -prdata=COMRAM,nvrram=COMRAM,nvbit=COMRAM,rbss=COMRAM,rbit=COMRAM \
  -pfarbss=FARRAM,fardata=FARRAM,nvFARRAM=FARRAM \
  -pintsave_regs=BIGRAM,bigbss=BIGRAM,bigdata=BIGRAM -pbss=RAM \
  -pidata=CODE,irdata=CODE,ibigdata=CODE,ifardata=CODE -prparam=COMRAM \
  C:\Users\aluno\AppData\Local\Temp\xcAs3gk.\driver_tmp_9.o \
  dist/default/production\Testeldc.X.production.o 

Object code version is 3.11

Machine type is 18F4550



                Name                               Link     Load   Length Selector   Space Scale
C:\Users\aluno\AppData\Local\Temp\xcAs3gk.\driver_tmp_9.o
                config                           300000   300000        8        0       4
                init                               7FFC     7FFC        4     3FFE       0
                reset_vec                             0        0        4        0       0
dist/default/production\Testeldc.X.production.o
                config                           300000   300000        8        0       4
                smallconst                          800      800       10      400       0
                text6                               8F2      8F2       2A      408       0
                text5                               810      810       48      408       0
                text4                               858      858       44      408       0
                text3                               8C8      8C8       2A      408       0
                text2                               89C      89C       2C      408       0
                text1                               94C      94C        A      408       0
                text0                               91C      91C       22      408       0
                cstackCOMRAM                          1        1        7        1       1
                cinit                               93E      93E        E      408       0

TOTAL           Name                               Link     Load   Length     Space
        CLASS   CODE           
                init                               7FFC     7FFC        4         0
                reset_vec                             0        0        4         0
                text6                               8F2      8F2       2A         0
                text5                               810      810       48         0
                text4                               858      858       44         0
                text3                               8C8      8C8       2A         0
                text2                               89C      89C       2C         0
                text1                               94C      94C        A         0
                text0                               91C      91C       22         0
                cinit                               93E      93E        E         0

        CLASS   CONST          

        CLASS   SMALLCONST     
                smallconst                          800      800       10         0

        CLASS   MEDIUMCONST    

        CLASS   COMRAM         
                cstackCOMRAM                          1        1        7         1

        CLASS   ABS1           

        CLASS   BIGRAM         

        CLASS   RAM            

        CLASS   BANK0          

        CLASS   BANK1          

        CLASS   BANK2          

        CLASS   BANK3          

        CLASS   BANK4          

        CLASS   BANK5          

        CLASS   BANK6          

        CLASS   BANK7          

        CLASS   SFR            

        CLASS   BIGSFR         

        CLASS   CONFIG         
                config                           300000   300000        8         4

        CLASS   IDLOC          

        CLASS   EEDATA         

        CLASS   FARRAM         

        CLASS   HEAP           

        CLASS   STACK          



SEGMENTS        Name                           Load    Length   Top    Selector   Space  Class

                reset_vec                      000000  000004  000004         0       0  CODE    
                cstackCOMRAM                   000001  000007  000008         1       1  COMRAM  
                smallconst                     000800  000010  000810       400       0  SMALLCON
                text5                          000810  000146  000956       408       0  CODE    
                init                           007FFC  000004  008000      3FFE       0  CODE    


UNUSED ADDRESS RANGES

        Name                Unused          Largest block    Delta
        BANK0            000060-0000FF               A0
        BANK1            000100-0001FF              100
        BANK2            000200-0002FF              100
        BANK3            000300-0003FF              100
        BANK4            000400-0004FF              100
        BANK5            000500-0005FF              100
        BANK6            000600-0006FF              100
        BANK7            000700-0007FF              100
        BIGRAM           000008-0007FF              7F8
        BIGSFR           000F60-000FFF               A0
        CODE             000004-0007FF              7FC
                         000956-007FFB             76A6
        COMRAM           000008-00005F               58
        CONFIG           300008-30000D                6
        CONST            000004-0007FF              7FC
                         000956-007FFB             76A6
        EEDATA           F00000-F000FF              100
        IDLOC            200000-200007                8
        MEDIUMCONST      000956-007FFB             76A6
        RAM              000060-0007FF              100
        SFR              000F60-000FFF               A0
        SMALLCONST       000956-007FFB              100

                                  Symbol Table

LCD_Command@cmd                   cstackCOMRAM 000002
LCD_Init@i                        cstackCOMRAM 000004
LCD_Init@init_seq                 smallconst   000801
LCD_SetCursor@col                 cstackCOMRAM 000003
LCD_SetCursor@row                 cstackCOMRAM 000007
LCD_SetCursor@row_offsets         smallconst   000807
LCD_WriteChar@data                cstackCOMRAM 000002
LCD_WriteString@str               cstackCOMRAM 000003
_ADCON1                           (abs)        000FC1
_LCD_Command                      text6        0008F2
_LCD_Init                         text5        000810
_LCD_SetCursor                    text4        000858
_LCD_WriteChar                    text3        0008C8
_LCD_WriteString                  text2        00089C
_PORTD                            (abs)        000F83
_PORTE                            (abs)        000F84
_PORTEbits                        (abs)        000F84
_TRISD                            (abs)        000F95
_TRISE                            (abs)        000F96
__HRAM                            (abs)        000000
__H__absolute__                   __absolute__ 000000
__Habs1                           abs1         000000
__Hbank0                          bank0        000000
__Hbank1                          bank1        000000
__Hbank2                          bank2        000000
__Hbank3                          bank3        000000
__Hbank4                          bank4        000000
__Hbank5                          bank5        000000
__Hbank6                          bank6        000000
__Hbank7                          bank7        000000
__Hbigbss                         bigbss       000000
__Hbigdata                        bigdata      000000
__Hbigram                         bigram       000000
__Hbigsfr                         bigsfr       000000
__Hbss                            bss          000000
__Hcinit                          cinit        000000
__Hclrtext                        clrtext      000000
__Hcomram                         comram       000000
__Hconfig                         config       300008
__Hconst                          const        000000
__HcstackCOMRAM                   cstackCOMRAM 000000
__Hdata                           data         000000
__Heeprom_data                    eeprom_data  000000
__Hfarbss                         farbss       000000
__Hfardata                        fardata      000000
__Hheap                           heap         000000
__Hibigdata                       ibigdata     000000
__Hidata                          idata        000000
__Hidloc                          idloc        000000
__Hifardata                       ifardata     000000
__Hinit                           init         008000
__Hintcode                        intcode      000008
__Hintcode_body                   intcode_body 000000
__Hintcodelo                      intcodelo    000018
__Hintentry                       intentry     000000
__Hintret                         intret       000000
__Hintsave_regs                   intsave_regs 000000
__Hirdata                         irdata       000000
__Hmediumconst                    mediumconst  000000
__HnvFARRAM                       nvFARRAM     000000
__Hnvbit                          nvbit        000000
__Hnvrram                         nvrram       000000
__Hparam                          rparam       000000
__Hpowerup                        powerup      000000
__Hram                            ram          000000
__Hramtop                         ramtop       000800
__Hrbit                           rbit         000000
__Hrbss                           rbss         000000
__Hrdata                          rdata        000000
__Hreset_vec                      reset_vec    000004
__Hrparam                         rparam       000000
__Hsfr                            sfr          000000
__Hsivt_hi                        sivt_hi      000000
__Hsivt_lo                        sivt_lo      000018
__Hsmallconst                     smallconst   000810
__Hspace_0                        (abs)        008000
__Hspace_1                        (abs)        000008
__Hspace_2                        (abs)        000000
__Hspace_4                        (abs)        600008
__Hstack                          stack        000000
__Hstruct                         struct       000000
__Htemp                           temp         000000
__Htext                           text         000000
__Htext0                          text0        000000
__Htext1                          text1        000000
__Htext2                          text2        000000
__Htext3                          text3        000000
__Htext4                          text4        000000
__Htext5                          text5        000000
__Htext6                          text6        000000
__LRAM                            (abs)        000001
__L__absolute__                   __absolute__ 000000
__Labs1                           abs1         000000
__Lbank0                          bank0        000000
__Lbank1                          bank1        000000
__Lbank2                          bank2        000000
__Lbank3                          bank3        000000
__Lbank4                          bank4        000000
__Lbank5                          bank5        000000
__Lbank6                          bank6        000000
__Lbank7                          bank7        000000
__Lbigbss                         bigbss       000000
__Lbigdata                        bigdata      000000
__Lbigram                         bigram       000000
__Lbigsfr                         bigsfr       000000
__Lbss                            bss          000000
__Lcinit                          cinit        000000
__Lclrtext                        clrtext      000000
__Lcomram                         comram       000000
__Lconfig                         config       000000
__Lconst                          const        000000
__LcstackCOMRAM                   cstackCOMRAM 000000
__Ldata                           data         000000
__Leeprom_data                    eeprom_data  000000
__Lfarbss                         farbss       000000
__Lfardata                        fardata      000000
__Lheap                           heap         000000
__Libigdata                       ibigdata     000000
__Lidata                          idata        000000
__Lidloc                          idloc        000000
__Lifardata                       ifardata     000000
__Linit                           init         007FFC
__Lintcode                        intcode      000008
__Lintcode_body                   intcode_body 000000
__Lintcodelo                      intcodelo    000018
__Lintentry                       intentry     000000
__Lintret                         intret       000000
__Lintsave_regs                   intsave_regs 000000
__Lirdata                         irdata       000000
__Lmediumconst                    mediumconst  000000
__LnvFARRAM                       nvFARRAM     000000
__Lnvbit                          nvbit        000000
__Lnvrram                         nvrram       000000
__Lparam                          rparam       000000
__Lpowerup                        powerup      000000
__Lram                            ram          000000
__Lramtop                         ramtop       000800
__Lrbit                           rbit         000000
__Lrbss                           rbss         000000
__Lrdata                          rdata        000000
__Lreset_vec                      reset_vec    000000
__Lrparam                         rparam       000000
__Lsfr                            sfr          000000
__Lsivt_hi                        sivt_hi      000000
__Lsivt_lo                        sivt_lo      000018
__Lsmallconst                     smallconst   000800
__Lspace_0                        (abs)        000000
__Lspace_1                        (abs)        000000
__Lspace_2                        (abs)        000000
__Lspace_4                        (abs)        000000
__Lstack                          stack        000000
__Lstruct                         struct       000000
__Ltemp                           temp         000000
__Ltext                           text         000000
__Ltext0                          text0        000000
__Ltext1                          text1        000000
__Ltext2                          text2        000000
__Ltext3                          text3        000000
__Ltext4                          text4        000000
__Ltext5                          text5        000000
__Ltext6                          text6        000000
__S0                              (abs)        008000
__S1                              (abs)        000008
__S4                              (abs)        000000
__S5                              (abs)        000000
___heap_hi                        (abs)        000000
___heap_lo                        (abs)        000000
___inthi_sp                       stack        000000
___inthi_stack_hi                 stack        000000
___inthi_stack_lo                 stack        000000
___intlo_sp                       stack        000000
___intlo_stack_hi                 stack        000000
___intlo_stack_lo                 stack        000000
___param_bank                     (abs)        000000
___rparam_used                    (abs)        000001
___sp                             stack        000000
___stack_hi                       stack        000000
___stack_lo                       stack        000000
__accesstop                       (abs)        000060
__activetblptr                    (abs)        000001
__end_ofLCD_Init@init_seq         smallconst   000807
__end_ofLCD_SetCursor@row_offsets smallconst   00080B
__end_of_LCD_Command              text6        00091C
__end_of_LCD_Init                 text5        000858
__end_of_LCD_SetCursor            text4        00089C
__end_of_LCD_WriteChar            text3        0008F2
__end_of_LCD_WriteString          text2        0008C8
__end_of__initialization          cinit        00093E
__end_of_init_ports               text1        000956
__end_of_main                     text0        00093E
__initialization                  cinit        00093E
__mediumconst                     smallconst   000800
__pcinit                          cinit        00093E
__pcstackCOMRAM                   cstackCOMRAM 000001
__psmallconst                     smallconst   000800
__ptext0                          text0        00091C
__ptext1                          text1        00094C
__ptext2                          text2        00089C
__ptext3                          text3        0008C8
__ptext4                          text4        000858
__ptext5                          text5        000810
__ptext6                          text6        0008F2
__ramtop                          ramtop       000800
__smallconst                      smallconst   000800
_init_ports                       text1        00094C
_main                             text0        00091C
end_of_initialization             cinit        00093E
intlevel0                         text         000000
intlevel1                         text         000000
intlevel2                         text         000000
intlevel3                         text         000000
isa$std                           (abs)        000001
isa$xinst                         (abs)        000000
stackhi                           (abs)        000000
stacklo                           (abs)        000000
start                             init         007FFC
start_initialization              cinit        00093E


MODULE INFORMATION

Module		Function		Class		Link	Load	Size
./lcd.h
		_LCD_Init      		CODE           	0810	0000	72
		_LCD_Command   		CODE           	08F2	0000	42
		_LCD_SetCursor 		CODE           	0858	0000	68
		_LCD_WriteString		CODE           	089C	0000	44
		_LCD_WriteChar 		CODE           	08C8	0000	42

./lcd.h estimated size: 268

shared
		__initialization		CODE           	093E	0000	1
		LCD_Init@init_seq		SMALLCONST     	0801	0000	6
		LCD_SetCursor@row_offsets		SMALLCONST     	0807	0000	4

shared estimated size: 11

main.c
		_main          		CODE           	091C	0000	34
		_init_ports    		CODE           	094C	0000	10

main.c estimated size: 44

