Microchip MPLAB XC8 Compiler V3.00

Linker command line:

-W-3 \
  --edf=C:\Program Files\Microchip\xc8\v3.00\pic\dat\20241204225717_en.msgs \
  -cn -h+dist/default/production\prj_lcd.X.production.sym \
  --cmf=dist/default/production\prj_lcd.X.production.cmf -z -Q18F4550 \
  -oC:\Users\aluno\AppData\Local\Temp\xcAs8tk.\driver_tmp_3.o \
  --defsym=__MPLAB_BUILD=1 --fixupoverflow=error \
  -Mdist/default/production/prj_lcd.X.production.map \
  --md=C:\Users\aluno\AppData\Local\Temp\xcAs8tk.\driver_tmp_0.dat -E1 \
  -ver=XC8 Compiler -ACODE=00h-07FFFh -ACONST=00h-07FFFh \
  -ASMALLCONST=0800h-08FFhx120 -AMEDIUMCONST=0800h-07FFFh -ACOMRAM=01h-05Fh \
  -AABS1=00h-07FFh -ABIGRAM=01h-07FFh -ARAM=060h-0FFh,0100h-01FFhx7 \
  -ABANK0=060h-0FFh -ABANK1=0100h-01FFh -ABANK2=0200h-02FFh \
  -ABANK3=0300h-03FFh -ABANK4=0400h-04FFh -ABANK5=0500h-05FFh \
  -ABANK6=0600h-06FFh -ABANK7=0700h-07FFh -ASFR=0F60h-0FFFh \
  -ABIGSFR=0F60h-0FFFh -ACONFIG=0300000h-030000Dh -AIDLOC=0200000h-0200007h \
  -AEEDATA=0F00000h-0F000FFh -peeprom_data=EEDATA \
  -preset_vec=00h,intcode=8h,intcodelo=18h,sivt_lo,sivt_hi=CODE \
  -ppowerup=CODE,init -pramtop=0800h -psmallconst=SMALLCONST \
  -pmediumconst=MEDIUMCONST -pconst=CONST -AFARRAM=00h-00h \
  -prdata=COMRAM,nvrram=COMRAM,nvbit=COMRAM,rbss=COMRAM,rbit=COMRAM \
  -pfarbss=FARRAM,fardata=FARRAM,nvFARRAM=FARRAM \
  -pintsave_regs=BIGRAM,bigbss=BIGRAM,bigdata=BIGRAM -pbss=RAM \
  -pidata=CODE,irdata=CODE,ibigdata=CODE,ifardata=CODE -prparam=COMRAM \
  C:\Users\aluno\AppData\Local\Temp\xcAs8tk.\driver_tmp_14.o \
  dist/default/production\prj_lcd.X.production.o 

Object code version is 3.11

Machine type is 18F4550



                Name                               Link     Load   Length Selector   Space Scale
C:\Users\aluno\AppData\Local\Temp\xcAs8tk.\driver_tmp_14.o
                config                           300000   300000        8        0       4
                init                                  E        E        4        4       0
                reset_vec                             0        0        4        0       0
dist/default/production\prj_lcd.X.production.o
                intcode                               8        8        6        4       0
                config                           300000   300000        8        0       4
                temp                                 59       59        1        1       1
                smallconst                          800      800       5A      400       0
                intcode_body                       1416     1416       2C      42D       0
                text19                             1308     1308       3E      42D       0
                text18                             11C4     11C4       6E      42D       0
                text17                             13EA     13EA       2C      42D       0
                text16                             1232     1232       52      42D       0
                text15                             1154     1154       70      42D       0
                text14                             1442     1442       28      42D       0
                text13                             146A     146A        E      42D       0
                text12                              E0C      E0C       C2      42D       0
                text11                              ECE      ECE       AE      42D       0
                text10                             13B6     13B6       34      42D       0
                text9                              1480     1480        2      A40       0
                text8                               F7C      F7C       AA      42D       0
                text7                              1346     1346       3C      42D       0
                text6                              10CA     10CA       8A      42D       0
                text5                               B50      B50      164      42D       0
                text4                              1026     1026       A4      42D       0
                text3                               CB4      CB4      158      42D       0
                text2                              12CA     12CA       3E      42D       0
                text1                              1382     1382       34      42D       0
                text0                               85A      85A      2F6      42D       0
                cstackCOMRAM                          1        1       51        1       1
                dataBANK0                            80       80        7       60       1
                bssBANK0                             60       60       20       60       1
                bssCOMRAM                            52       52        7        1       1
                cinit                              1284     1284       46      42D       0
                idataBANK0                         1478     1478        7      42D       0

TOTAL           Name                               Link     Load   Length     Space
        CLASS   CODE           
                intcode                               8        8        6         0
                init                                  E        E        4         0
                reset_vec                             0        0        4         0
                intcode_body                       1416     1416       2C         0
                text19                             1308     1308       3E         0
                text18                             11C4     11C4       6E         0
                text17                             13EA     13EA       2C         0
                text16                             1232     1232       52         0
                text15                             1154     1154       70         0
                text14                             1442     1442       28         0
                text13                             146A     146A        E         0
                text12                              E0C      E0C       C2         0
                text11                              ECE      ECE       AE         0
                text10                             13B6     13B6       34         0
                text9                              1480     1480        2         0
                text8                               F7C      F7C       AA         0
                text7                              1346     1346       3C         0
                text6                              10CA     10CA       8A         0
                text5                               B50      B50      164         0
                text4                              1026     1026       A4         0
                text3                               CB4      CB4      158         0
                text2                              12CA     12CA       3E         0
                text1                              1382     1382       34         0
                text0                               85A      85A      2F6         0
                cinit                              1284     1284       46         0
                idataBANK0                         1478     1478        7         0

        CLASS   CONST          

        CLASS   SMALLCONST     
                smallconst                          800      800       5A         0

        CLASS   MEDIUMCONST    

        CLASS   COMRAM         
                temp                                 59       59        1         1
                cstackCOMRAM                          1        1       51         1
                bssCOMRAM                            52       52        7         1

        CLASS   ABS1           

        CLASS   BIGRAM         

        CLASS   RAM            

        CLASS   BANK0          
                dataBANK0                            80       80        7         1
                bssBANK0                             60       60       20         1

        CLASS   BANK1          

        CLASS   BANK2          

        CLASS   BANK3          

        CLASS   BANK4          

        CLASS   BANK5          

        CLASS   BANK6          

        CLASS   BANK7          

        CLASS   SFR            

        CLASS   BIGSFR         

        CLASS   CONFIG         
                config                           300000   300000        8         4

        CLASS   IDLOC          

        CLASS   EEDATA         

        CLASS   FARRAM         

        CLASS   HEAP           

        CLASS   STACK          



SEGMENTS        Name                           Load    Length   Top    Selector   Space  Class

                reset_vec                      000000  000004  000004         0       0  CODE    
                cstackCOMRAM                   000001  000059  00005A         1       1  COMRAM  
                intcode                        000008  00000A  000012         4       0  CODE    
                bssBANK0                       000060  000027  000087        60       1  BANK0   
                smallconst                     000800  00005A  00085A       400       0  SMALLCON
                text0                          00085A  000C25  00147F       42D       0  CODE    
                text9                          001480  000002  001482       A40       0  CODE    


UNUSED ADDRESS RANGES

        Name                Unused          Largest block    Delta
        BANK0            000087-0000FF               79
        BANK1            000100-0001FF              100
        BANK2            000200-0002FF              100
        BANK3            000300-0003FF              100
        BANK4            000400-0004FF              100
        BANK5            000500-0005FF              100
        BANK6            000600-0006FF              100
        BANK7            000700-0007FF              100
        BIGRAM           00005A-00005F                6
                         000087-0007FF              779
        BIGSFR           000F60-000FFF               A0
        CODE             000004-000007                4
                         000012-0007FF              7EE
                         00147F-00147F                1
                         001482-007FFF             6B7E
        COMRAM           00005A-00005F                6
        CONFIG           300008-30000D                6
        CONST            000004-000007                4
                         000012-0007FF              7EE
                         00147F-00147F                1
                         001482-007FFF             6B7E
        EEDATA           F00000-F000FF              100
        IDLOC            200000-200007                8
        MEDIUMCONST      00147F-00147F                1
                         001482-007FFF             6B7E
        RAM              000087-0007FF              100
        SFR              000F60-000FFF               A0
        SMALLCONST       00147F-00147F                1
                         001482-007FFF              100

                                  Symbol Table

?___awdiv                   cstackCOMRAM 000001
?___awmod                   cstackCOMRAM 000001
?_abs                       cstackCOMRAM 000007
?_read_adc                  cstackCOMRAM 000001
?_read_prec_or_width        cstackCOMRAM 000001
?_sprintf                   cstackCOMRAM 00002D
?_vfprintf                  cstackCOMRAM 000029
Comando_LCD@comando         cstackCOMRAM 000002
Escreve_C_LCD@caracter      cstackCOMRAM 000002
Escreve_LCD@caracter        cstackCOMRAM 000003
Inicializa_LCD@ini          dataBANK0    000080
Inicializa_LCD@x            cstackCOMRAM 000004
Posiciona_LCD@coluna        cstackCOMRAM 000003
Posiciona_LCD@linha         cstackCOMRAM 000004
Posiciona_LCD@x             cstackCOMRAM 000005
_ADCON0                     (abs)        000FC2
_ADCON0bits                 (abs)        000FC2
_ADCON1                     (abs)        000FC1
_ADCON2                     (abs)        000FC0
_ADRESH                     (abs)        000FC4
_ADRESL                     (abs)        000FC3
_Comando_LCD                text17       0013EA
_Escreve_C_LCD              text19       001308
_Escreve_LCD                text18       0011C4
_INTCON2bits                (abs)        000FF1
_INTCONbits                 (abs)        000FF2
_Inicializa_LCD             text16       001232
_LATCbits                   (abs)        000F8B
_LATD                       (abs)        000F8C
_LATDbits                   (abs)        000F8C
_PORTCbits                  (abs)        000F82
_PORTD                      (abs)        000F83
_PORTDbits                  (abs)        000F83
_PORTE                      (abs)        000F84
_PORTEbits                  (abs)        000F84
_Posiciona_LCD              text15       001154
_TRISAbits                  (abs)        000F92
_TRISBbits                  (abs)        000F93
_TRISCbits                  (abs)        000F94
_TRISD                      (abs)        000F95
_TRISDbits                  (abs)        000F95
_TRISE                      (abs)        000F96
__HRAM                      (abs)        000000
__H__absolute__             __absolute__ 000000
__Habs1                     abs1         000000
__Hbank0                    bank0        000000
__Hbank1                    bank1        000000
__Hbank2                    bank2        000000
__Hbank3                    bank3        000000
__Hbank4                    bank4        000000
__Hbank5                    bank5        000000
__Hbank6                    bank6        000000
__Hbank7                    bank7        000000
__Hbigbss                   bigbss       000000
__Hbigdata                  bigdata      000000
__Hbigram                   bigram       000000
__Hbigsfr                   bigsfr       000000
__Hbss                      bss          000000
__HbssBANK0                 bssBANK0     000000
__HbssCOMRAM                bssCOMRAM    000000
__Hcinit                    cinit        000000
__Hclrtext                  clrtext      000000
__Hcomram                   comram       000000
__Hconfig                   config       300008
__Hconst                    const        000000
__HcstackCOMRAM             cstackCOMRAM 000000
__Hdata                     data         000000
__HdataBANK0                dataBANK0    000000
__Heeprom_data              eeprom_data  000000
__Hfarbss                   farbss       000000
__Hfardata                  fardata      000000
__Hheap                     heap         000000
__Hibigdata                 ibigdata     000000
__Hidata                    idata        000000
__HidataBANK0               idataBANK0   000000
__Hidloc                    idloc        000000
__Hifardata                 ifardata     000000
__Hinit                     init         000012
__Hintcode                  intcode      00000E
__Hintcode_body             intcode_body 000000
__Hintcodelo                intcodelo    000018
__Hintentry                 intentry     000000
__Hintret                   intret       000000
__Hintsave_regs             intsave_regs 000000
__Hirdata                   irdata       000000
__Hmediumconst              mediumconst  000000
__HnvFARRAM                 nvFARRAM     000000
__Hnvbit                    nvbit        000000
__Hnvrram                   nvrram       000000
__Hparam                    rparam       000000
__Hpowerup                  powerup      000000
__Hram                      ram          000000
__Hramtop                   ramtop       000800
__Hrbit                     rbit         000000
__Hrbss                     rbss         000000
__Hrdata                    rdata        000000
__Hreset_vec                reset_vec    000004
__Hrparam                   rparam       000000
__Hsfr                      sfr          000000
__Hsivt_hi                  sivt_hi      000000
__Hsivt_lo                  sivt_lo      000018
__Hsmallconst               smallconst   00085A
__Hspace_0                  (abs)        001482
__Hspace_1                  (abs)        000087
__Hspace_2                  (abs)        000000
__Hspace_4                  (abs)        600008
__Hstack                    stack        000000
__Hstruct                   struct       000000
__Htemp                     temp         00005A
__Htext                     text         000000
__Htext0                    text0        000000
__Htext1                    text1        000000
__Htext10                   text10       000000
__Htext11                   text11       000000
__Htext12                   text12       000000
__Htext13                   text13       000000
__Htext14                   text14       000000
__Htext15                   text15       000000
__Htext16                   text16       000000
__Htext17                   text17       000000
__Htext18                   text18       000000
__Htext19                   text19       000000
__Htext2                    text2        000000
__Htext3                    text3        000000
__Htext4                    text4        000000
__Htext5                    text5        000000
__Htext6                    text6        000000
__Htext7                    text7        000000
__Htext8                    text8        000000
__Htext9                    text9        000000
__LRAM                      (abs)        000001
__L__absolute__             __absolute__ 000000
__Labs1                     abs1         000000
__Lbank0                    bank0        000000
__Lbank1                    bank1        000000
__Lbank2                    bank2        000000
__Lbank3                    bank3        000000
__Lbank4                    bank4        000000
__Lbank5                    bank5        000000
__Lbank6                    bank6        000000
__Lbank7                    bank7        000000
__Lbigbss                   bigbss       000000
__Lbigdata                  bigdata      000000
__Lbigram                   bigram       000000
__Lbigsfr                   bigsfr       000000
__Lbss                      bss          000000
__LbssBANK0                 bssBANK0     000000
__LbssCOMRAM                bssCOMRAM    000000
__Lcinit                    cinit        000000
__Lclrtext                  clrtext      000000
__Lcomram                   comram       000000
__Lconfig                   config       000000
__Lconst                    const        000000
__LcstackCOMRAM             cstackCOMRAM 000000
__Ldata                     data         000000
__LdataBANK0                dataBANK0    000000
__Leeprom_data              eeprom_data  000000
__Lfarbss                   farbss       000000
__Lfardata                  fardata      000000
__Lheap                     heap         000000
__Libigdata                 ibigdata     000000
__Lidata                    idata        000000
__LidataBANK0               idataBANK0   000000
__Lidloc                    idloc        000000
__Lifardata                 ifardata     000000
__Linit                     init         00000E
__Lintcode                  intcode      000008
__Lintcode_body             intcode_body 000000
__Lintcodelo                intcodelo    000018
__Lintentry                 intentry     000000
__Lintret                   intret       000000
__Lintsave_regs             intsave_regs 000000
__Lirdata                   irdata       000000
__Lmediumconst              mediumconst  000000
__LnvFARRAM                 nvFARRAM     000000
__Lnvbit                    nvbit        000000
__Lnvrram                   nvrram       000000
__Lparam                    rparam       000000
__Lpowerup                  powerup      000000
__Lram                      ram          000000
__Lramtop                   ramtop       000800
__Lrbit                     rbit         000000
__Lrbss                     rbss         000000
__Lrdata                    rdata        000000
__Lreset_vec                reset_vec    000000
__Lrparam                   rparam       000000
__Lsfr                      sfr          000000
__Lsivt_hi                  sivt_hi      000000
__Lsivt_lo                  sivt_lo      000018
__Lsmallconst               smallconst   000800
__Lspace_0                  (abs)        000000
__Lspace_1                  (abs)        000000
__Lspace_2                  (abs)        000000
__Lspace_4                  (abs)        000000
__Lstack                    stack        000000
__Lstruct                   struct       000000
__Ltemp                     temp         000059
__Ltext                     text         000000
__Ltext0                    text0        000000
__Ltext1                    text1        000000
__Ltext10                   text10       000000
__Ltext11                   text11       000000
__Ltext12                   text12       000000
__Ltext13                   text13       000000
__Ltext14                   text14       000000
__Ltext15                   text15       000000
__Ltext16                   text16       000000
__Ltext17                   text17       000000
__Ltext18                   text18       000000
__Ltext19                   text19       000000
__Ltext2                    text2        000000
__Ltext3                    text3        000000
__Ltext4                    text4        000000
__Ltext5                    text5        000000
__Ltext6                    text6        000000
__Ltext7                    text7        000000
__Ltext8                    text8        000000
__Ltext9                    text9        000000
__S0                        (abs)        001482
__S1                        (abs)        000087
__S4                        (abs)        000000
__S5                        (abs)        000000
___awdiv                    text12       000E0C
___awdiv@counter            cstackCOMRAM 000005
___awdiv@dividend           cstackCOMRAM 000001
___awdiv@divisor            cstackCOMRAM 000003
___awdiv@quotient           cstackCOMRAM 000007
___awdiv@sign               cstackCOMRAM 000006
___awmod                    text11       000ECE
___awmod@counter            cstackCOMRAM 000005
___awmod@dividend           cstackCOMRAM 000001
___awmod@divisor            cstackCOMRAM 000003
___awmod@sign               cstackCOMRAM 000006
___heap_hi                  (abs)        000000
___heap_lo                  (abs)        000000
___inthi_sp                 stack        000000
___inthi_stack_hi           stack        000000
___inthi_stack_lo           stack        000000
___intlo_sp                 stack        000000
___intlo_stack_hi           stack        000000
___intlo_stack_lo           stack        000000
___param_bank               (abs)        000000
___rparam_used              (abs)        000001
___sp                       stack        000000
___stack_hi                 stack        000000
___stack_lo                 stack        000000
__accesstop                 (abs)        000060
__activetblptr              (abs)        000002
__end_of_Comando_LCD        text17       001416
__end_of_Escreve_C_LCD      text19       001346
__end_of_Escreve_LCD        text18       001232
__end_of_Inicializa_LCD     text16       001284
__end_of_Posiciona_LCD      text15       0011C4
__end_of___awdiv            text12       000ECE
__end_of___awmod            text11       000F7C
__end_of__initialization    cinit        0012BC
__end_of_abs                text10       0013EA
__end_of_dtoa               text5        000CB4
__end_of_fputc              text8        001026
__end_of_fputs              text7        001382
__end_of_isr                intcode_body 001442
__end_of_main               text0        000B50
__end_of_pad                text6        001154
__end_of_putch              text9        001482
__end_of_read_adc           text14       00146A
__end_of_read_prec_or_width text4        0010CA
__end_of_setup_adc          text13       001478
__end_of_sprintf            text1        0013B6
__end_of_vfpfcnvrt          text3        000E0C
__end_of_vfprintf           text2        001308
__initialization            cinit        001284
__mediumconst               smallconst   000800
__pbssBANK0                 bssBANK0     000060
__pbssCOMRAM                bssCOMRAM    000052
__pcinit                    cinit        001284
__pcstackCOMRAM             cstackCOMRAM 000001
__pdataBANK0                dataBANK0    000080
__pidataBANK0               idataBANK0   001478
__pintcode                  intcode      000008
__pintcode_body             intcode_body 001416
__psmallconst               smallconst   000800
__ptext0                    text0        00085A
__ptext1                    text1        001382
__ptext10                   text10       0013B6
__ptext11                   text11       000ECE
__ptext12                   text12       000E0C
__ptext13                   text13       00146A
__ptext14                   text14       001442
__ptext15                   text15       001154
__ptext16                   text16       001232
__ptext17                   text17       0013EA
__ptext18                   text18       0011C4
__ptext19                   text19       001308
__ptext2                    text2        0012CA
__ptext3                    text3        000CB4
__ptext4                    text4        001026
__ptext5                    text5        000B50
__ptext6                    text6        0010CA
__ptext7                    text7        001346
__ptext8                    text8        000F7C
__ptext9                    text9        001480
__ramtop                    ramtop       000800
__smallconst                smallconst   000800
_abs                        text10       0013B6
_alarme_ativo               bssCOMRAM    000058
_alerta_ativo               bssCOMRAM    000057
_dbuf                       bssBANK0     000060
_dtoa                       text5        000B50
_dtoa$1262                  cstackCOMRAM 000018
_flags                      bssCOMRAM    000056
_fputc                      text8        000F7C
_fputs                      text7        001346
_isr                        intcode      000008
_main                       text0        00085A
_pad                        text6        0010CA
_prec                       bssCOMRAM    000054
_putch                      text9        001480
_read_adc                   text14       001442
_read_prec_or_width         text4        001026
_setup_adc                  text13       00146A
_sprintf                    text1        001382
_vfpfcnvrt                  text3        000CB4
_vfprintf                   text2        0012CA
_width                      bssCOMRAM    000052
abs@a                       cstackCOMRAM 000007
btemp                       temp         000059
dtoa@d                      cstackCOMRAM 000016
dtoa@fp                     cstackCOMRAM 000015
dtoa@i                      cstackCOMRAM 00001E
dtoa@p                      cstackCOMRAM 00001A
dtoa@s                      cstackCOMRAM 00001D
dtoa@w                      cstackCOMRAM 00001B
end_of_initialization       cinit        0012BC
fputc@c                     cstackCOMRAM 000001
fputc@fp                    cstackCOMRAM 000003
fputs@c                     cstackCOMRAM 00000B
fputs@fp                    cstackCOMRAM 00000A
fputs@i                     cstackCOMRAM 00000C
fputs@s                     cstackCOMRAM 000009
int$flags                   temp         000059
int_func                    intcode_body 001416
intlevel0                   text         000000
intlevel1                   text         000000
intlevel2                   text         000000
intlevel3                   text         000000
isa$std                     (abs)        000001
isa$xinst                   (abs)        000000
main@adc_value              cstackCOMRAM 000050
main@lcd_buffer             cstackCOMRAM 00003F
pad@buf                     cstackCOMRAM 00000F
pad@fp                      cstackCOMRAM 00000E
pad@i                       cstackCOMRAM 000013
pad@p                       cstackCOMRAM 000010
read_prec_or_width@ap       cstackCOMRAM 000002
read_prec_or_width@c        cstackCOMRAM 000005
read_prec_or_width@fmt      cstackCOMRAM 000001
read_prec_or_width@n        cstackCOMRAM 000006
sprintf@ap                  cstackCOMRAM 000031
sprintf@f                   cstackCOMRAM 000032
sprintf@fmt                 cstackCOMRAM 00002E
sprintf@s                   cstackCOMRAM 00002D
stackhi                     (abs)        000000
stacklo                     (abs)        000000
start                       init         00000E
start_initialization        cinit        001284
ttemp5                      temp         00005A
ttemp6                      temp         00005D
ttemp7                      temp         000061
vfpfcnvrt@ap                cstackCOMRAM 000022
vfpfcnvrt@convarg           cstackCOMRAM 000023
vfpfcnvrt@cp                cstackCOMRAM 000028
vfpfcnvrt@done              cstackCOMRAM 000027
vfpfcnvrt@fmt               cstackCOMRAM 000021
vfpfcnvrt@fp                cstackCOMRAM 000020
vfprintf@ap                 cstackCOMRAM 00002B
vfprintf@cfmt               cstackCOMRAM 00002C
vfprintf@fmt                cstackCOMRAM 00002A
vfprintf@fp                 cstackCOMRAM 000029
wtemp8                      temp         00005A


MODULE INFORMATION

Module		Function		Class		Link	Load	Size
C:\Program Files\Microchip\xc8\v3.00\pic\sources\c99\common\abs.c
		_abs           		CODE           	13B6	0000	52

C:\Program Files\Microchip\xc8\v3.00\pic\sources\c99\common\abs.c estimated size: 52

C:\Program Files\Microchip\xc8\v3.00\pic\sources\c99\common\nf_fputc.c
		_fputc         		CODE           	0F7C	0000	170

C:\Program Files\Microchip\xc8\v3.00\pic\sources\c99\common\nf_fputc.c estimated size: 170

C:\Program Files\Microchip\xc8\v3.00\pic\sources\c99\common\nf_sprintf.c
		_sprintf       		CODE           	1382	0000	52

C:\Program Files\Microchip\xc8\v3.00\pic\sources\c99\common\nf_sprintf.c estimated size: 52

./lcd.h
		_Inicializa_LCD		CODE           	1232	0000	82
		_Escreve_LCD   		CODE           	11C4	0000	110
		_Escreve_C_LCD 		CODE           	1308	0000	62
		_Posiciona_LCD 		CODE           	1154	0000	112
		_Comando_LCD   		CODE           	13EA	0000	44

./lcd.h estimated size: 410

C:\Program Files\Microchip\xc8\v3.00\pic\sources\c99\common\awmod.c
		___awmod       		CODE           	0ECE	0000	174

C:\Program Files\Microchip\xc8\v3.00\pic\sources\c99\common\awmod.c estimated size: 174

C:\Program Files\Microchip\xc8\v3.00\pic\sources\c99\common\putch.c
		_putch         		CODE           	1480	0000	2

C:\Program Files\Microchip\xc8\v3.00\pic\sources\c99\common\putch.c estimated size: 2

shared
		__initialization		CODE           	1284	0000	56

shared estimated size: 56

C:\Program Files\Microchip\xc8\v3.00\pic\sources\c99\common\nf_fputs.c
		_fputs         		CODE           	1346	0000	60

C:\Program Files\Microchip\xc8\v3.00\pic\sources\c99\common\nf_fputs.c estimated size: 60

C:\Program Files\Microchip\xc8\v3.00\pic\sources\c99\common\awdiv.c
		___awdiv       		CODE           	0E0C	0000	194

C:\Program Files\Microchip\xc8\v3.00\pic\sources\c99\common\awdiv.c estimated size: 194

main.c
		_setup_adc     		CODE           	146A	0000	14
		_main          		CODE           	085A	0000	758
		_isr           		CODE           	0008	0000	50
		_read_adc      		CODE           	1442	0000	40

main.c estimated size: 862

C:\Program Files\Microchip\xc8\v3.00\pic\sources\c99\common\doprnt.c
		_read_prec_or_width		CODE           	1026	0000	164
		_vfpfcnvrt     		CODE           	0CB4	0000	344
		_pad           		CODE           	10CA	0000	138
		_dtoa          		CODE           	0B50	0000	356
		_vfprintf      		CODE           	12CA	0000	62

C:\Program Files\Microchip\xc8\v3.00\pic\sources\c99\common\doprnt.c estimated size: 1064

